
> frontend@0.1.0 test:e2e
> playwright test

[WebServer] [baseline-browser-mapping] The data in this module is over two months old.  To ensure accurate Baseline data, please update: `npm i baseline-browser-mapping@latest -D`
[WebServer] redux-persist failed to create sync storage. falling back to noop storage.

Running 14 tests using 1 worker
·××T××T××T·××F××

  1) [chromium] › tests/admin.spec.ts:9:7 › Admin › should redirect non-admin users from admin dashboard 

    [31mTest timeout of 30000ms exceeded.[39m

    Error: locator.fill: Test timeout of 30000ms exceeded.
    Call log:
    [2m  - waiting for getByLabel('Password')[22m


      21 |     await page.getByLabel('Username').fill(user.username);
      22 |     await page.getByLabel('Email').fill(user.email);
    > 23 |     await page.getByLabel('Password').fill(user.password);
         |                                       ^
      24 |     await page.getByRole('button', { name: 'Create Account' }).click();
      25 |     await expect(page).toHaveURL(/\/dashboard/);
      26 |
        at /home/draq/Documents/Work/iqraa/frontend/tests/admin.spec.ts:23:39

    attachment #1: screenshot (image/png) ──────────────────────────────────────────────────────────
    test-results/admin-Admin-should-redirec-dc1fe--users-from-admin-dashboard-chromium/test-failed-1.png
    ────────────────────────────────────────────────────────────────────────────────────────────────

    Error Context: test-results/admin-Admin-should-redirec-dc1fe--users-from-admin-dashboard-chromium/error-context.md

    Retry #1 ───────────────────────────────────────────────────────────────────────────────────────

    [31mTest timeout of 30000ms exceeded.[39m

    Error: locator.fill: Test timeout of 30000ms exceeded.
    Call log:
    [2m  - waiting for getByLabel('Password')[22m


      21 |     await page.getByLabel('Username').fill(user.username);
      22 |     await page.getByLabel('Email').fill(user.email);
    > 23 |     await page.getByLabel('Password').fill(user.password);
         |                                       ^
      24 |     await page.getByRole('button', { name: 'Create Account' }).click();
      25 |     await expect(page).toHaveURL(/\/dashboard/);
      26 |
        at /home/draq/Documents/Work/iqraa/frontend/tests/admin.spec.ts:23:39

    attachment #1: screenshot (image/png) ──────────────────────────────────────────────────────────
    test-results/admin-Admin-should-redirec-dc1fe--users-from-admin-dashboard-chromium-retry1/test-failed-1.png
    ────────────────────────────────────────────────────────────────────────────────────────────────

    Error Context: test-results/admin-Admin-should-redirec-dc1fe--users-from-admin-dashboard-chromium-retry1/error-context.md

    attachment #3: trace (application/zip) ─────────────────────────────────────────────────────────
    test-results/admin-Admin-should-redirec-dc1fe--users-from-admin-dashboard-chromium-retry1/trace.zip
    Usage:

        npx playwright show-trace test-results/admin-Admin-should-redirec-dc1fe--users-from-admin-dashboard-chromium-retry1/trace.zip

    ────────────────────────────────────────────────────────────────────────────────────────────────

    Retry #2 ───────────────────────────────────────────────────────────────────────────────────────

    [31mTest timeout of 30000ms exceeded.[39m

    Error: locator.fill: Test timeout of 30000ms exceeded.
    Call log:
    [2m  - waiting for getByLabel('Password')[22m


      21 |     await page.getByLabel('Username').fill(user.username);
      22 |     await page.getByLabel('Email').fill(user.email);
    > 23 |     await page.getByLabel('Password').fill(user.password);
         |                                       ^
      24 |     await page.getByRole('button', { name: 'Create Account' }).click();
      25 |     await expect(page).toHaveURL(/\/dashboard/);
      26 |
        at /home/draq/Documents/Work/iqraa/frontend/tests/admin.spec.ts:23:39

    attachment #1: screenshot (image/png) ──────────────────────────────────────────────────────────
    test-results/admin-Admin-should-redirec-dc1fe--users-from-admin-dashboard-chromium-retry2/test-failed-1.png
    ────────────────────────────────────────────────────────────────────────────────────────────────

    Error Context: test-results/admin-Admin-should-redirec-dc1fe--users-from-admin-dashboard-chromium-retry2/error-context.md

  2) [chromium] › tests/auth.spec.ts:14:7 › Authentication › should allow a user to register ───────

    [31mTest timeout of 30000ms exceeded.[39m

    Error: locator.fill: Test timeout of 30000ms exceeded.
    Call log:
    [2m  - waiting for getByLabel('Password')[22m


      20 |     await page.getByLabel('Username').fill(user.username);
      21 |     await page.getByLabel('Email').fill(user.email);
    > 22 |     await page.getByLabel('Password').fill(user.password);
         |                                       ^
      23 |
      24 |     await page.getByRole('button', { name: 'Create Account' }).click();
      25 |
        at /home/draq/Documents/Work/iqraa/frontend/tests/auth.spec.ts:22:39

    attachment #1: screenshot (image/png) ──────────────────────────────────────────────────────────
    test-results/auth-Authentication-should-allow-a-user-to-register-chromium/test-failed-1.png
    ────────────────────────────────────────────────────────────────────────────────────────────────

    Error Context: test-results/auth-Authentication-should-allow-a-user-to-register-chromium/error-context.md

    Retry #1 ───────────────────────────────────────────────────────────────────────────────────────

    [31mTest timeout of 30000ms exceeded.[39m

    Error: locator.fill: Test timeout of 30000ms exceeded.
    Call log:
    [2m  - waiting for getByLabel('Password')[22m


      20 |     await page.getByLabel('Username').fill(user.username);
      21 |     await page.getByLabel('Email').fill(user.email);
    > 22 |     await page.getByLabel('Password').fill(user.password);
         |                                       ^
      23 |
      24 |     await page.getByRole('button', { name: 'Create Account' }).click();
      25 |
        at /home/draq/Documents/Work/iqraa/frontend/tests/auth.spec.ts:22:39

    attachment #1: screenshot (image/png) ──────────────────────────────────────────────────────────
    test-results/auth-Authentication-should-allow-a-user-to-register-chromium-retry1/test-failed-1.png
    ────────────────────────────────────────────────────────────────────────────────────────────────

    Error Context: test-results/auth-Authentication-should-allow-a-user-to-register-chromium-retry1/error-context.md

    attachment #3: trace (application/zip) ─────────────────────────────────────────────────────────
    test-results/auth-Authentication-should-allow-a-user-to-register-chromium-retry1/trace.zip
    Usage:

        npx playwright show-trace test-results/auth-Authentication-should-allow-a-user-to-register-chromium-retry1/trace.zip

    ────────────────────────────────────────────────────────────────────────────────────────────────

    Retry #2 ───────────────────────────────────────────────────────────────────────────────────────

    [31mTest timeout of 30000ms exceeded.[39m

    Error: locator.fill: Test timeout of 30000ms exceeded.
    Call log:
    [2m  - waiting for getByLabel('Password')[22m


      20 |     await page.getByLabel('Username').fill(user.username);
      21 |     await page.getByLabel('Email').fill(user.email);
    > 22 |     await page.getByLabel('Password').fill(user.password);
         |                                       ^
      23 |
      24 |     await page.getByRole('button', { name: 'Create Account' }).click();
      25 |
        at /home/draq/Documents/Work/iqraa/frontend/tests/auth.spec.ts:22:39

    attachment #1: screenshot (image/png) ──────────────────────────────────────────────────────────
    test-results/auth-Authentication-should-allow-a-user-to-register-chromium-retry2/test-failed-1.png
    ────────────────────────────────────────────────────────────────────────────────────────────────

    Error Context: test-results/auth-Authentication-should-allow-a-user-to-register-chromium-retry2/error-context.md

  3) [chromium] › tests/auth.spec.ts:30:7 › Authentication › should allow a user to login ──────────

    [31mTest timeout of 30000ms exceeded.[39m

    Error: locator.fill: Test timeout of 30000ms exceeded.
    Call log:
    [2m  - waiting for getByLabel('Password')[22m


      38 |     await page.getByLabel('Username').fill(user.username);
      39 |     await page.getByLabel('Email').fill(user.email);
    > 40 |     await page.getByLabel('Password').fill(user.password);
         |                                       ^
      41 |     await page.getByRole('button', { name: 'Create Account' }).click();
      42 |     await expect(page).toHaveURL(/\/dashboard/);
      43 |
        at /home/draq/Documents/Work/iqraa/frontend/tests/auth.spec.ts:40:39

    attachment #1: screenshot (image/png) ──────────────────────────────────────────────────────────
    test-results/auth-Authentication-should-allow-a-user-to-login-chromium/test-failed-1.png
    ────────────────────────────────────────────────────────────────────────────────────────────────

    Error Context: test-results/auth-Authentication-should-allow-a-user-to-login-chromium/error-context.md

    Retry #1 ───────────────────────────────────────────────────────────────────────────────────────

    [31mTest timeout of 30000ms exceeded.[39m

    Error: locator.fill: Test timeout of 30000ms exceeded.
    Call log:
    [2m  - waiting for getByLabel('Password')[22m


      38 |     await page.getByLabel('Username').fill(user.username);
      39 |     await page.getByLabel('Email').fill(user.email);
    > 40 |     await page.getByLabel('Password').fill(user.password);
         |                                       ^
      41 |     await page.getByRole('button', { name: 'Create Account' }).click();
      42 |     await expect(page).toHaveURL(/\/dashboard/);
      43 |
        at /home/draq/Documents/Work/iqraa/frontend/tests/auth.spec.ts:40:39

    attachment #1: screenshot (image/png) ──────────────────────────────────────────────────────────
    test-results/auth-Authentication-should-allow-a-user-to-login-chromium-retry1/test-failed-1.png
    ────────────────────────────────────────────────────────────────────────────────────────────────

    Error Context: test-results/auth-Authentication-should-allow-a-user-to-login-chromium-retry1/error-context.md

    attachment #3: trace (application/zip) ─────────────────────────────────────────────────────────
    test-results/auth-Authentication-should-allow-a-user-to-login-chromium-retry1/trace.zip
    Usage:

        npx playwright show-trace test-results/auth-Authentication-should-allow-a-user-to-login-chromium-retry1/trace.zip

    ────────────────────────────────────────────────────────────────────────────────────────────────

    Retry #2 ───────────────────────────────────────────────────────────────────────────────────────

    [31mTest timeout of 30000ms exceeded.[39m

    Error: locator.fill: Test timeout of 30000ms exceeded.
    Call log:
    [2m  - waiting for getByLabel('Password')[22m


      38 |     await page.getByLabel('Username').fill(user.username);
      39 |     await page.getByLabel('Email').fill(user.email);
    > 40 |     await page.getByLabel('Password').fill(user.password);
         |                                       ^
      41 |     await page.getByRole('button', { name: 'Create Account' }).click();
      42 |     await expect(page).toHaveURL(/\/dashboard/);
      43 |
        at /home/draq/Documents/Work/iqraa/frontend/tests/auth.spec.ts:40:39

    attachment #1: screenshot (image/png) ──────────────────────────────────────────────────────────
    test-results/auth-Authentication-should-allow-a-user-to-login-chromium-retry2/test-failed-1.png
    ────────────────────────────────────────────────────────────────────────────────────────────────

    Error Context: test-results/auth-Authentication-should-allow-a-user-to-login-chromium-retry2/error-context.md

  4) [chromium] › tests/library.spec.ts:4:7 › Library › should display books in the library ────────

    Error: [2mexpect([22m[31mlocator[39m[2m).[22mtoBeVisible[2m([22m[2m)[22m failed

    Locator: locator('a[href^="/library/"]').first()
    Expected: visible
    Timeout: 5000ms
    Error: element(s) not found

    Call log:
    [2m  - Expect "toBeVisible" with timeout 5000ms[22m
    [2m  - waiting for locator('a[href^="/library/"]').first()[22m


       8 |     // We look for links that match the pattern /library/[uuid]
       9 |     const bookLinks = page.locator('a[href^="/library/"]');
    > 10 |     await expect(bookLinks.first()).toBeVisible();
         |                                     ^
      11 |   });
      12 |
      13 |   test('should filter books by search query', async ({ page }) => {
        at /home/draq/Documents/Work/iqraa/frontend/tests/library.spec.ts:10:37

    attachment #1: screenshot (image/png) ──────────────────────────────────────────────────────────
    test-results/library-Library-should-display-books-in-the-library-chromium/test-failed-1.png
    ────────────────────────────────────────────────────────────────────────────────────────────────

    Error Context: test-results/library-Library-should-display-books-in-the-library-chromium/error-context.md

    Retry #1 ───────────────────────────────────────────────────────────────────────────────────────

    Error: [2mexpect([22m[31mlocator[39m[2m).[22mtoBeVisible[2m([22m[2m)[22m failed

    Locator: locator('a[href^="/library/"]').first()
    Expected: visible
    Timeout: 5000ms
    Error: element(s) not found

    Call log:
    [2m  - Expect "toBeVisible" with timeout 5000ms[22m
    [2m  - waiting for locator('a[href^="/library/"]').first()[22m


       8 |     // We look for links that match the pattern /library/[uuid]
       9 |     const bookLinks = page.locator('a[href^="/library/"]');
    > 10 |     await expect(bookLinks.first()).toBeVisible();
         |                                     ^
      11 |   });
      12 |
      13 |   test('should filter books by search query', async ({ page }) => {
        at /home/draq/Documents/Work/iqraa/frontend/tests/library.spec.ts:10:37

    attachment #1: screenshot (image/png) ──────────────────────────────────────────────────────────
    test-results/library-Library-should-display-books-in-the-library-chromium-retry1/test-failed-1.png
    ────────────────────────────────────────────────────────────────────────────────────────────────

    Error Context: test-results/library-Library-should-display-books-in-the-library-chromium-retry1/error-context.md

    attachment #3: trace (application/zip) ─────────────────────────────────────────────────────────
    test-results/library-Library-should-display-books-in-the-library-chromium-retry1/trace.zip
    Usage:

        npx playwright show-trace test-results/library-Library-should-display-books-in-the-library-chromium-retry1/trace.zip

    ────────────────────────────────────────────────────────────────────────────────────────────────

    Retry #2 ───────────────────────────────────────────────────────────────────────────────────────

    Error: [2mexpect([22m[31mlocator[39m[2m).[22mtoBeVisible[2m([22m[2m)[22m failed

    Locator: locator('a[href^="/library/"]').first()
    Expected: visible
    Timeout: 5000ms
    Error: element(s) not found

    Call log:
    [2m  - Expect "toBeVisible" with timeout 5000ms[22m
    [2m  - waiting for locator('a[href^="/library/"]').first()[22m


       8 |     // We look for links that match the pattern /library/[uuid]
       9 |     const bookLinks = page.locator('a[href^="/library/"]');
    > 10 |     await expect(bookLinks.first()).toBeVisible();
         |                                     ^
      11 |   });
      12 |
      13 |   test('should filter books by search query', async ({ page }) => {
        at /home/draq/Documents/Work/iqraa/frontend/tests/library.spec.ts:10:37

    attachment #1: screenshot (image/png) ──────────────────────────────────────────────────────────
    test-results/library-Library-should-display-books-in-the-library-chromium-retry2/test-failed-1.png
    ────────────────────────────────────────────────────────────────────────────────────────────────

    Error Context: test-results/library-Library-should-display-books-in-the-library-chromium-retry2/error-context.md

  5) [chromium] › tests/library.spec.ts:13:7 › Library › should filter books by search query ───────

    [31mTest timeout of 30000ms exceeded.[39m

    Error: locator.fill: Test timeout of 30000ms exceeded.
    Call log:
    [2m  - waiting for getByPlaceholder('Search library...')[22m


      16 |     // Type in search box
      17 |     const searchInput = page.getByPlaceholder('Search library...');
    > 18 |     await searchInput.fill('Aqeedah'); // Assuming 'Aqeedah' returns something or nothing, but filters list
         |                       ^
      19 |
      20 |     // Wait for debounce
      21 |     await page.waitForTimeout(600);
        at /home/draq/Documents/Work/iqraa/frontend/tests/library.spec.ts:18:23

    attachment #1: screenshot (image/png) ──────────────────────────────────────────────────────────
    test-results/library-Library-should-filter-books-by-search-query-chromium/test-failed-1.png
    ────────────────────────────────────────────────────────────────────────────────────────────────

    Error Context: test-results/library-Library-should-filter-books-by-search-query-chromium/error-context.md

    Retry #1 ───────────────────────────────────────────────────────────────────────────────────────

    Test was interrupted.

    Error: locator.fill: Test ended.
    Call log:
    [2m  - waiting for getByPlaceholder('Search library...')[22m


      16 |     // Type in search box
      17 |     const searchInput = page.getByPlaceholder('Search library...');
    > 18 |     await searchInput.fill('Aqeedah'); // Assuming 'Aqeedah' returns something or nothing, but filters list
         |                       ^
      19 |
      20 |     // Wait for debounce
      21 |     await page.waitForTimeout(600);
        at /home/draq/Documents/Work/iqraa/frontend/tests/library.spec.ts:18:23

    attachment #1: screenshot (image/png) ──────────────────────────────────────────────────────────
    test-results/library-Library-should-filter-books-by-search-query-chromium-retry1/test-failed-1.png
    ────────────────────────────────────────────────────────────────────────────────────────────────

    attachment #2: trace (application/zip) ─────────────────────────────────────────────────────────
    test-results/library-Library-should-filter-books-by-search-query-chromium-retry1/trace.zip
    Usage:

        npx playwright show-trace test-results/library-Library-should-filter-books-by-search-query-chromium-retry1/trace.zip

    ────────────────────────────────────────────────────────────────────────────────────────────────

  5 failed
    [chromium] › tests/admin.spec.ts:9:7 › Admin › should redirect non-admin users from admin dashboard 
    [chromium] › tests/auth.spec.ts:14:7 › Authentication › should allow a user to register ────────
    [chromium] › tests/auth.spec.ts:30:7 › Authentication › should allow a user to login ───────────
    [chromium] › tests/library.spec.ts:4:7 › Library › should display books in the library ─────────
    [chromium] › tests/library.spec.ts:13:7 › Library › should filter books by search query ────────
  7 did not run
  2 passed (6.3m)
